[2026-04-06 18:01:03] === SYSTEMAI AUTONOMOUS SESSION START ===
[2026-04-06 18:01:03] Session ID: session_69d3f4dfcce7d
[2026-04-06 18:01:03] Target: /var/www
[2026-04-06 18:01:03] 
[2026-04-06 18:01:03] [PHASE 1] Scanning filesystem...
[2026-04-06 18:01:03] ✓ Found 64 files
[2026-04-06 18:01:03] ✓ Found 68 directories
[2026-04-06 18:01:03] 
[2026-04-06 18:01:03] [PHASE 2] Classifying files...
[2026-04-06 18:01:03] ✓ Projects: 1
[2026-04-06 18:01:03] ✓ Garbage: 4
[2026-04-06 18:01:03] ✓ Config: 0
[2026-04-06 18:01:03] ✓ Data: 25
[2026-04-06 18:01:03] 
[2026-04-06 18:01:03] [PHASE 3] Storing in database...
[2026-04-06 18:01:03] [ERROR] SQLSTATE[42703]: Undefined column: 7 ERROR:  column "file_type" of relation "filesystem_index" does not exist
LINE 2:             INSERT INTO filesystem_index (path, file_type, s...
                                                        ^
[2026-04-06 18:03:47] === SYSTEMAI AUTONOMOUS SESSION START ===
[2026-04-06 18:03:47] Session ID: session_69d3f58395648
[2026-04-06 18:03:47] Target: /var/www
[2026-04-06 18:03:47] 
[2026-04-06 18:03:47] [PHASE 1] Scanning filesystem...
[2026-04-06 18:03:47] ✓ Found 64 files
[2026-04-06 18:03:47] ✓ Found 68 directories
[2026-04-06 18:03:47] ✓ Total size: 23.53 MB
[2026-04-06 18:03:47] 
[2026-04-06 18:03:47] [PHASE 2] Classifying files...
[2026-04-06 18:03:47] ✓ Projects: 1
[2026-04-06 18:03:47] ✓ Garbage: 4
[2026-04-06 18:03:47] ✓ Config: 0
[2026-04-06 18:03:47] ✓ Code: 0
[2026-04-06 18:03:47] ✓ Data: 59
[2026-04-06 18:03:47] 
[2026-04-06 18:03:47] [PHASE 3] Storing in database...
[2026-04-06 18:03:47] ✓ Indexed 0 files
[2026-04-06 18:03:47] 
[2026-04-06 18:03:47] [PHASE 4] Creating workspace structure...
[2026-04-06 18:03:47] ✓ Workspace created
[2026-04-06 18:03:47] 
[2026-04-06 18:03:47] [PHASE 5] Generating garbage report...
[2026-04-06 18:03:47] ✓ Identified 4 garbage files
[2026-04-06 18:03:47] ✓ Total garbage: 0.02 MB
[2026-04-06 18:03:47] 
[2026-04-06 18:03:47] [PHASE 6] Creating worker assignments...
[2026-04-06 18:03:47] ✓ Created 3 workers
[2026-04-06 18:03:47]   - systemai_scanner_202604061803
[2026-04-06 18:03:47]   - systemai_cleaner_202604061803
[2026-04-06 18:03:47]   - systemai_organizer_202604061803
[2026-04-06 18:03:47] 
[2026-04-06 18:03:47] [PHASE 7] Logging decisions...
[2026-04-06 18:03:47] ✓ Decisions logged
[2026-04-06 18:03:47] 
[2026-04-06 18:03:47] === SESSION COMPLETE ===
